#
# A fatal error has been detected by the Java Runtime Environment:
#
#  EXCEPTION_ACCESS_VIOLATION (0xc0000005) at pc=0x00007ffede2ac24b, pid=15532, tid=30192
#
# JRE version: OpenJDK Runtime Environment (22.0.2+9) (build 22.0.2+9-70)
# Java VM: OpenJDK 64-Bit Server VM (22.0.2+9-70, mixed mode, emulated-client, sharing, tiered, compressed oops, compressed class ptrs, g1 gc, windows-amd64)
# Problematic frame:
# V  [jvm.dll+0x35c24b]
#
# No core dump will be written. Minidumps are not enabled by default on client versions of Windows
#
# If you would like to submit a bug report, please visit:
#   https://bugreport.java.com/bugreport/crash.jsp
#

---------------  S U M M A R Y ------------

Command Line: -XX:TieredStopAtLevel=1 -Dspring.output.ansi.enabled=always -Dcom.sun.management.jmxremote -Dspring.jmx.enabled=true -Dspring.liveBeansView.mbeanDomain -Dspring.application.admin.enabled=true -Dmanagement.endpoints.jmx.exposure.include=* -javaagent:C:\Program Files\JetBrains\IntelliJ IDEA 2025.1.4.1\lib\idea_rt.jar=4002 -Dfile.encoding=UTF-8 -Dsun.stdout.encoding=UTF-8 -Dsun.stderr.encoding=UTF-8 com.example.demo_eureka.DemoEurekaApplication

Host: 12th Gen Intel(R) Core(TM) i7-12700, 20 cores, 47G,  Windows 11 , 64 bit Build 26100 (10.0.26100.9444)
Time: Thu Sep 24 11:20:53 2026 Temps universel coordonné elapsed time: 2.135969 seconds (0d 0h 0m 2s)

---------------  T H R E A D  ---------------

Current thread (0x0000020c17300450):  WorkerThread "GC Thread#10"   [id=30192, stack(0x00000085a1900000,0x00000085a1a00000) (1024K)]

Stack: [0x00000085a1900000,0x00000085a1a00000],  sp=0x00000085a19fe1d0,  free space=1016k
Native frames: (J=compiled Java code, j=interpreted, Vv=VM code, C=native code)
V  [jvm.dll+0x35c24b]  (no source info available)
V  [jvm.dll+0x35859e]  (no source info available)
V  [jvm.dll+0x369fab]  (no source info available)
V  [jvm.dll+0x6d0629]  (no source info available)
V  [jvm.dll+0x3177bf]  (no source info available)
V  [jvm.dll+0x317205]  (no source info available)
V  [jvm.dll+0x3f41e5]  (no source info available)
V  [jvm.dll+0x81df76]  (no source info available)
V  [jvm.dll+0x827cf1]  (no source info available)
V  [jvm.dll+0x36a43a]  (no source info available)
V  [jvm.dll+0x36a2ca]  (no source info available)
V  [jvm.dll+0x3728e4]  (no source info available)
V  [jvm.dll+0x372bfb]  (no source info available)
V  [jvm.dll+0x8a4bb7]  (no source info available)
V  [jvm.dll+0x81dc0b]  (no source info available)
V  [jvm.dll+0x6e0d85]  (no source info available)
C  [ucrtbase.dll+0x2cd30]  (no source info available)
C  [KERNEL32.DLL+0x2cd87]  (no source info available)
C  [ntdll.dll+0xacaec]  (no source info available)

JavaThread 0x0000020bb3003750 (nid = 35692) was being processed
Java frames: (J=compiled Java code, j=interpreted, Vv=VM code)
v  ~SafepointBlob 0x0000020bbb385786
j  java.util.regex.Pattern.compile()V+450 java.base@22.0.2
j  java.util.regex.Pattern.<init>(Ljava/lang/String;I)V+108 java.base@22.0.2
j  java.util.regex.Pattern.compile(Ljava/lang/String;)Ljava/util/regex/Pattern;+6 java.base@22.0.2
j  org.glassfish.jersey.uri.PatternWithGroups.compile(Ljava/lang/String;)Ljava/util/regex/Pattern;+16
j  org.glassfish.jersey.uri.PatternWithGroups.<init>(Ljava/lang/String;[I)V+2
j  org.glassfish.jersey.uri.PathPattern.<init>(Lorg/glassfish/jersey/uri/PathTemplate;Lorg/glassfish/jersey/uri/PathPattern$RightHandPath;)V+26
j  org.glassfish.jersey.uri.PathPattern.<init>(Ljava/lang/String;Lorg/glassfish/jersey/uri/PathPattern$RightHandPath;)V+10
j  org.glassfish.jersey.server.model.Resource$Data.<init>(Ljava/util/List;Ljava/lang/String;Ljava/util/List;Lorg/glassfish/jersey/server/model/ResourceMethod$Data;Ljava/util/List;Ljava/util/Set;Ljava/util/Set;Z)V+49
j  org.glassfish.jersey.server.model.Resource$Builder.buildResourceData()Lorg/glassfish/jersey/server/model/Resource$Data;+159
j  org.glassfish.jersey.server.model.Resource$Builder.build()Lorg/glassfish/jersey/server/model/Resource;+1
j  org.glassfish.jersey.server.model.internal.ModelProcessorUtil.enhanceResource(Lorg/glassfish/jersey/server/model/RuntimeResource;Lorg/glassfish/jersey/server/model/ResourceModel$Builder;Ljava/util/List;Z)V+353
j  org.glassfish.jersey.server.model.internal.ModelProcessorUtil.enhanceResource(Lorg/glassfish/jersey/server/model/RuntimeResource;Lorg/glassfish/jersey/server/model/ResourceModel$Builder;Ljava/util/List;Z)V+411
j  org.glassfish.jersey.server.model.internal.ModelProcessorUtil.enhanceResourceModel(Lorg/glassfish/jersey/server/model/ResourceModel;ZLjava/util/List;Z)Lorg/glassfish/jersey/server/model/ResourceModel$Builder;+53
j  org.glassfish.jersey.server.wadl.processor.WadlModelProcessor.processResourceModel(Lorg/glassfish/jersey/server/model/ResourceModel;Ljakarta/ws/rs/core/Configuration;)Lorg/glassfish/jersey/server/model/ResourceModel;+25
j  org.glassfish.jersey.server.ResourceModelConfigurator.processResourceModel(Ljava/util/Collection;Lorg/glassfish/jersey/server/model/ResourceModel;Lorg/glassfish/jersey/server/ResourceConfig;)Lorg/glassfish/jersey/server/model/ResourceModel;+34
j  org.glassfish.jersey.server.ResourceModelConfigurator.init(Lorg/glassfish/jersey/internal/inject/InjectionManager;Lorg/glassfish/jersey/internal/BootstrapBag;)V+75
j  org.glassfish.jersey.server.ApplicationHandler.initialize(Lorg/glassfish/jersey/internal/inject/InjectionManager;Ljava/util/List;Lorg/glassfish/jersey/server/ServerBootstrapBag;)Lorg/glassfish/jersey/server/ServerRuntime;+197
j  org.glassfish.jersey.server.ApplicationHandler.lambda$initialize$1(Lorg/glassfish/jersey/internal/inject/InjectionManager;Ljava/util/List;Lorg/glassfish/jersey/server/ServerBootstrapBag;)Lorg/glassfish/jersey/server/ServerRuntime;+4
j  org.glassfish.jersey.server.ApplicationHandler$$Lambda+0x0000020bd24c4218.call()Ljava/lang/Object;+16
j  org.glassfish.jersey.internal.Errors.process(Ljava/util/concurrent/Callable;Z)Ljava/lang/Object;+36
j  org.glassfish.jersey.internal.Errors.process(Lorg/glassfish/jersey/internal/util/Producer;Z)Ljava/lang/Object;+2
j  org.glassfish.jersey.internal.Errors.processWithException(Lorg/glassfish/jersey/internal/util/Producer;)Ljava/lang/Object;+2
j  org.glassfish.jersey.server.ApplicationHandler.initialize(Lorg/glassfish/jersey/server/ApplicationConfigurator;Lorg/glassfish/jersey/internal/inject/InjectionManager;Lorg/glassfish/jersey/internal/inject/Binder;)V+321
j  org.glassfish.jersey.server.ApplicationHandler.<init>(Ljakarta/ws/rs/core/Application;Lorg/glassfish/jersey/internal/inject/Binder;Ljava/lang/Object;)V+18
j  org.glassfish.jersey.servlet.WebComponent.<init>(Lorg/glassfish/jersey/servlet/WebConfig;Lorg/glassfish/jersey/server/ResourceConfig;)V+176
j  org.glassfish.jersey.servlet.ServletContainer.init(Lorg/glassfish/jersey/servlet/WebConfig;)V+10
j  org.glassfish.jersey.servlet.ServletContainer.init(Ljakarta/servlet/FilterConfig;)V+14
j  org.apache.catalina.core.ApplicationFilterConfig.initFilter()V+99
j  org.apache.catalina.core.ApplicationFilterConfig.<init>(Lorg/apache/catalina/Context;Lorg/apache/tomcat/util/descriptor/web/FilterDef;)V+67
j  org.apache.catalina.core.StandardContext.filterStart()Z+132
j  org.apache.catalina.core.StandardContext.startInternal()V+1184
j  org.apache.catalina.util.LifecycleBase.start()V+210
j  org.apache.catalina.core.ContainerBase$StartChild.call()Ljava/lang/Void;+4
j  org.apache.catalina.core.ContainerBase$StartChild.call()Ljava/lang/Object;+1
j  java.util.concurrent.FutureTask.run()V+39 java.base@22.0.2
j  org.apache.tomcat.util.threads.InlineExecutorService.execute(Ljava/lang/Runnable;)V+38
j  java.util.concurrent.AbstractExecutorService.submit(Ljava/util/concurrent/Callable;)Ljava/util/concurrent/Future;+20 java.base@22.0.2
j  org.apache.catalina.core.ContainerBase.startInternal()V+116
j  org.apache.catalina.core.StandardHost.startInternal()V+179
j  org.apache.catalina.util.LifecycleBase.start()V+210
j  org.apache.catalina.core.ContainerBase$StartChild.call()Ljava/lang/Void;+4
j  org.apache.catalina.core.ContainerBase$StartChild.call()Ljava/lang/Object;+1
j  java.util.concurrent.FutureTask.run()V+39 java.base@22.0.2
j  org.apache.tomcat.util.threads.InlineExecutorService.execute(Ljava/lang/Runnable;)V+38
j  java.util.concurrent.AbstractExecutorService.submit(Ljava/util/concurrent/Callable;)Ljava/util/concurrent/Future;+20 java.base@22.0.2
j  org.apache.catalina.core.ContainerBase.startInternal()V+116
j  org.apache.catalina.core.StandardEngine.startInternal()V+38
j  org.apache.catalina.util.LifecycleBase.start()V+210
j  org.apache.catalina.core.StandardService.startInternal()V+57
j  org.apache.catalina.util.LifecycleBase.start()V+210
j  org.apache.catalina.core.StandardServer.startInternal()V+84
j  org.apache.catalina.util.LifecycleBase.start()V+210
j  org.apache.catalina.startup.Tomcat.start()V+9
j  org.springframework.boot.web.embedded.tomcat.TomcatWebServer.initialize()V+55
j  org.springframework.boot.web.embedded.tomcat.TomcatWebServer.<init>(Lorg/apache/catalina/startup/Tomcat;ZLorg/springframework/boot/web/server/Shutdown;)V+66
j  org.springframework.boot.web.embedded.tomcat.TomcatServletWebServerFactory.getTomcatWebServer(Lorg/apache/catalina/startup/Tomcat;)Lorg/springframework/boot/web/embedded/tomcat/TomcatWebServer;+21
j  org.springframework.boot.web.embedded.tomcat.TomcatServletWebServerFactory.getWebServer([Lorg/springframework/boot/web/servlet/ServletContextInitializer;)Lorg/springframework/boot/web/server/WebServer;+226
j  org.springframework.boot.web.servlet.context.ServletWebServerApplicationContext.createWebServer()V+67
j  org.springframework.boot.web.servlet.context.ServletWebServerApplicationContext.onRefresh()V+5
j  org.springframework.context.support.AbstractApplicationContext.refresh()V+85
j  org.springframework.boot.web.servlet.context.ServletWebServerApplicationContext.refresh()V+1
j  org.springframework.boot.SpringApplication.refresh(Lorg/springframework/context/ConfigurableApplicationContext;)V+1
j  org.springframework.boot.SpringApplication.refreshContext(Lorg/springframework/context/ConfigurableApplicationContext;)V+16
j  org.springframework.boot.SpringApplication.run([Ljava/lang/String;)Lorg/springframework/context/ConfigurableApplicationContext;+110
j  org.springframework.boot.SpringApplication.run([Ljava/lang/Class;[Ljava/lang/String;)Lorg/springframework/context/ConfigurableApplicationContext;+9
j  org.springframework.boot.SpringApplication.run(Ljava/lang/Class;[Ljava/lang/String;)Lorg/springframework/context/ConfigurableApplicationContext;+9
j  com.example.demo_eureka.DemoEurekaApplication.main([Ljava/lang/String;)V+3
v  ~StubRoutines::call_stub 0x0000020bbb33100d

siginfo: EXCEPTION_ACCESS_VIOLATION (0xc0000005), reading address 0x0000000002000000


Registers:
RAX=0x0000000000000000, RBX=0x0000020c179d6e90, RCX=0x000000000000000c, RDX=0x0000020bcdb4de65
RSP=0x00000085a19fe1d0, RBP=0x00000085a19fe269, RSI=0x0000020bb301b290, RDI=0x0000000505b3de20
R8 =0x0000000506bb8a68, R9 =0x00007ffeddf50000, R10=0x0000000002000000, R11=0x00000085a19fe1a0
R12=0x0000000000000000, R13=0x00000085a19fe470, R14=0x00000000000003c7, R15=0x0000000000000040
RIP=0x00007ffede2ac24b, EFLAGS=0x0000000000010246


Register to memory mapping:

RAX=0x0 is null
RBX=0x0000020c179d6e90 points into unknown readable memory: 0x00007ffede947448 | 48 74 94 de fe 7f 00 00
RCX=0x000000000000000c is an unknown value
RDX=0x0000020bcdb4de65 points into unknown readable memory: 00 00 00
RSP=0x00000085a19fe1d0 points into unknown readable memory: 0x0000000506bb88dc | dc 88 bb 06 05 00 00 00
RBP=0x00000085a19fe269 points into unknown readable memory: b3 62 de fe 7f 00 00
RSI=0x0000020bb301b290 points into unknown readable memory: 0x0000000000000000 | 00 00 00 00 00 00 00 00
RDI=0x0000000505b3de20 is pointing into object: java.util.concurrent.ConcurrentHashMap$Node 
{0x0000000505b3de08} - klass: 'java/util/concurrent/ConcurrentHashMap$Node'
 - ---- fields (total size 4 words):
 - final 'hash' 'I' @12  1566702320 (0x5d61faf0)
 - final 'key' 'Ljava/lang/Object;' @16  "org.springframework.boot.autoconfigure.task.TaskSchedulingAutoConfiguration"{0x0000000505879ae8} (0xa0b0f35d)
 - volatile 'val' 'Ljava/lang/Object;' @20  a 'org/springframework/beans/factory/support/RootBeanDefinition'{0x0000000506bb8840} (0xa0d77108)
 - volatile 'next' 'Ljava/util/concurrent/ConcurrentHashMap$Node;' @24  
[error occurred during error reporting (printing register info), id 0xc0000005, EXCEPTION_ACCESS_VIOLATION (0xc0000005) at pc=0x00007ffede61d9cd]
R8 =0x0000000506bb8a68 is an oop: java.lang.Object 
{0x0000000506bb8a68} - klass: 'java/lang/Object'
 - ---- fields (total size 2 words):
R9 =0x00007ffeddf50000 jvm.dll
R10=0x0000000002000000 is an unknown value
R11=0x00000085a19fe1a0 points into unknown readable memory: 0x0000000000000040 | 40 00 00 00 00 00 00 00
R12=0x0 is null
R13=0x00000085a19fe470 points into unknown readable memory: 0x0000020c14ed3218 | 18 32 ed 14 0c 02 00 00
R14=0x00000000000003c7 is an unknown value
R15=0x0000000000000040 is an unknown value

Top of Stack: (sp=0x00000085a19fe1d0)
0x00000085a19fe1d0:   0000000506bb88dc 00000085a19fe240
0x00000085a19fe1e0:   0000020c179d6e90 0000020bb301b290
0x00000085a19fe1f0:   0000000506800834 00007fffedaf0001
0x00000085a19fe200:   00007ffede99ade0 0000020c14ed3218
0x00000085a19fe210:   0000020c179d6e90 0000000508138028
0x00000085a19fe220:   0000000506800828 00007ffede2ab390
0x00000085a19fe230:   0000000000000000 0000000000000001
0x00000085a19fe240:   00000085a1000001 0000020c12607e18
0x00000085a19fe250:   0000fe011200fe01 0000000000000000
0x00000085a19fe260:   0000020c17edadf8 00007ffede62b31f
0x00000085a19fe270:   00000085a19fe2f0 000000000000006c
0x00000085a19fe280:   0000000000000001 0000000000000058
0x00000085a19fe290:   0000000000000009 00000085a19fe3f8
0x00000085a19fe2a0:   0000020c12608148 0000020c17edadf8
0x00000085a19fe2b0:   0000000000015555 0000020c179d6e90
0x00000085a19fe2c0:   0000000000000008 00007ffede2a859e
0x00000085a19fe2d0:   0000000000000008 00007ffede2aabbe
0x00000085a19fe2e0:   0000020c17000000 00000085a19fe300
0x00000085a19fe2f0:   00000000013a44ba 0000000000000000
0x00000085a19fe300:   0000020c17000001 0000020c12608148
0x00000085a19fe310:   000000859f6fdef8 00007ffede2b9fab
0x00000085a19fe320:   00000000000003d8 0000020c12608148
0x00000085a19fe330:   00000085a19fe470 000000000000004b
0x00000085a19fe340:   0000000000000002 00007ffede620629
0x00000085a19fe350:   0000000000000010 0000000000000001
0x00000085a19fe360:   0000000000000001 00000085a19fe470
0x00000085a19fe370:   0000020c172402f0 000000000000004b
0x00000085a19fe380:   00000000000003d8 00007ffede2677bf
0x00000085a19fe390:   00000085a19fe490 00000085a19fe630
0x00000085a19fe3a0:   0000000000000000 0000020c17edadf8
0x00000085a19fe3b0:   0000004b00000001 0000020c14ed3218
0x00000085a19fe3c0:   0000020c17300450 0000020c00000009 

Instructions: (pc=0x00007ffede2ac24b)
0x00007ffede2ac14b:   bb b0 01 00 00 48 8b 73 10 44 8b b6 80 00 00 00
0x00007ffede2ac15b:   41 8b ce 8b 86 00 01 00 00 2b c8 81 e1 ff ff 01
0x00007ffede2ac16b:   00 41 3b cf 0f 86 ed 02 00 00 41 ff ce 41 81 e6
0x00007ffede2ac17b:   ff ff 01 00 44 89 b6 80 00 00 00 e8 25 6b 37 00
0x00007ffede2ac18b:   90 41 8b d6 48 8b 86 80 01 00 00 41 8b ce 4a 8b
0x00007ffede2ac19b:   3c f0 8b 86 00 01 00 00 2b c8 81 e1 ff ff 01 00
0x00007ffede2ac1ab:   81 f9 ff ff 01 00 41 0f 44 cc 85 c9 75 3d 90 44
0x00007ffede2ac1bb:   89 75 0f 48 8b 86 00 01 00 00 48 8b c8 48 c1 e9
0x00007ffede2ac1cb:   20 ff c1 89 4d 13 44 3b f0 0f 85 77 02 00 00 48
0x00007ffede2ac1db:   c1 e1 20 48 0b ca f0 48 0f b1 8e 00 01 00 00 0f
0x00007ffede2ac1eb:   85 61 02 00 00 8b 86 00 01 00 00 40 f6 c7 01 0f
0x00007ffede2ac1fb:   84 07 01 00 00 8b 0d da 02 88 00 48 ff cf 48 8b
0x00007ffede2ac20b:   53 08 44 8b 17 49 d3 e2 8b 8a c8 05 00 00 4c 03
0x00007ffede2ac21b:   15 b8 02 88 00 48 8b 92 b8 05 00 00 49 8b c2 48
0x00007ffede2ac22b:   d3 e8 48 8d 0c 40 0f b7 04 0a 66 89 45 77 0f b6
0x00007ffede2ac23b:   44 0a 02 88 45 79 44 38 65 78 0f 8c 05 ff ff ff
0x00007ffede2ac24b:   4d 8b 02 41 0f b6 c0 24 03 3c 03 75 06 49 83 e0
0x00007ffede2ac25b:   fc eb 24 0f b7 45 77 48 8d 55 d7 66 89 45 d7 4d
0x00007ffede2ac26b:   8b c8 0f b6 45 79 4d 8b c2 48 8b cb 88 45 d9 e8
0x00007ffede2ac27b:   d1 eb ff ff 4c 8b c0 8b 0d 58 02 88 00 49 8b d0
0x00007ffede2ac28b:   48 2b 15 46 02 88 00 48 d3 ea 89 17 48 8b d7 8b
0x00007ffede2ac29b:   0d 20 87 8e 00 49 33 d0 48 d3 ea 48 85 d2 0f 84
0x00007ffede2ac2ab:   a1 fe ff ff 48 8b 43 08 48 8b d7 8b 88 c8 05 00
0x00007ffede2ac2bb:   00 4c 8b 88 b8 05 00 00 48 d3 ea 49 8d 04 51 48
0x00007ffede2ac2cb:   03 d0 0f b7 02 66 89 45 e7 80 7d e8 fe 0f b6 42
0x00007ffede2ac2db:   02 88 45 e9 0f 84 6b fe ff ff 49 d3 e8 4b 8d 0c
0x00007ffede2ac2eb:   41 42 0f b7 04 01 66 89 45 eb 42 0f b6 44 01 02
0x00007ffede2ac2fb:   44 38 65 ec 88 45 ed e9 08 fe ff ff 40 f6 c7 03
0x00007ffede2ac30b:   0f 85 2f 01 00 00 48 8b 53 08 4c 8b 17 49 8b c2
0x00007ffede2ac31b:   8b 8a c8 05 00 00 48 8b 92 b8 05 00 00 48 d3 e8
0x00007ffede2ac32b:   48 8d 0c 40 0f b7 04 0a 66 89 45 7f 0f b6 44 0a
0x00007ffede2ac33b:   02 88 85 81 00 00 00 44 38 a5 80 00 00 00 0f 8c 


Stack slot to memory mapping:

stack at sp + 0 slots: 
[error occurred during error reporting (inspecting top of stack), id 0xc0000005, EXCEPTION_ACCESS_VIOLATION (0xc0000005) at pc=0x00007ffede11ed86]
stack at sp + 1 slots: 0x00000085a19fe240 points into unknown readable memory: 0x00000085a1000001 | 01 00 00 a1 85 00 00 00
stack at sp + 2 slots: 0x0000020c179d6e90 points into unknown readable memory: 0x00007ffede947448 | 48 74 94 de fe 7f 00 00
stack at sp + 3 slots: 0x0000020bb301b290 points into unknown readable memory: 0x0000000000000000 | 00 00 00 00 00 00 00 00
stack at sp + 4 slots: 
[error occurred during error reporting (inspecting top of stack, attempt 2), id 0xc0000005, EXCEPTION_ACCESS_VIOLATION (0xc0000005) at pc=0x00007ffede11edf1]
stack at sp + 5 slots: 0x00007fffedaf0001 ucrtbase.dll
stack at sp + 6 slots: 0x00007ffede99ade0 jvm.dll
stack at sp + 7 slots: {method} {0x0000020c14ed3220} 'init' '(Lorg/glassfish/jersey/internal/inject/InjectionManager;Lorg/glassfish/jersey/internal/BootstrapBag;)V' in 'org/glassfish/jersey/server/ResourceModelConfigurator'


---------------  P R O C E S S  ---------------

Threads class SMR info:
_java_thread_list=0x0000020c17bb9950, length=21, elements={
0x0000020bb3003750, 0x0000020bcdceb740, 0x0000020bcdcec3a0, 0x0000020bcdcf0080,
0x0000020bcdcf3090, 0x0000020bcdd145a0, 0x0000020bcdd17010, 0x0000020bcdd1bfd0,
0x0000020c12119f30, 0x0000020c1211a800, 0x0000020c1218ef90, 0x0000020c123fb3f0,
0x0000020c123fdac0, 0x0000020c127dcad0, 0x0000020c127dd550, 0x0000020c12ac6ef0,
0x0000020c12ada7c0, 0x0000020c12b645c0, 0x0000020c12b51d20, 0x0000020c17b59ae0,
0x0000020c1761a110
}

Java Threads: ( => current thread )
  0x0000020bb3003750 JavaThread "main"                              [_thread_blocked, id=35692, stack(0x000000859f600000,0x000000859f700000) (1024K)]
  0x0000020bcdceb740 JavaThread "Reference Handler"          daemon [_thread_blocked, id=9852, stack(0x000000859fe00000,0x000000859ff00000) (1024K)]
  0x0000020bcdcec3a0 JavaThread "Finalizer"                  daemon [_thread_blocked, id=32508, stack(0x000000859ff00000,0x00000085a0000000) (1024K)]
  0x0000020bcdcf0080 JavaThread "Signal Dispatcher"          daemon [_thread_blocked, id=33068, stack(0x00000085a0000000,0x00000085a0100000) (1024K)]
  0x0000020bcdcf3090 JavaThread "Attach Listener"            daemon [_thread_blocked, id=27540, stack(0x00000085a0100000,0x00000085a0200000) (1024K)]
  0x0000020bcdd145a0 JavaThread "Service Thread"             daemon [_thread_blocked, id=36124, stack(0x00000085a0200000,0x00000085a0300000) (1024K)]
  0x0000020bcdd17010 JavaThread "Monitor Deflation Thread"   daemon [_thread_blocked, id=24864, stack(0x00000085a0300000,0x00000085a0400000) (1024K)]
  0x0000020bcdd1bfd0 JavaThread "C1 CompilerThread0"         daemon [_thread_blocked, id=6968, stack(0x00000085a0400000,0x00000085a0500000) (1024K)]
  0x0000020c12119f30 JavaThread "Common-Cleaner"             daemon [_thread_blocked, id=36436, stack(0x00000085a0500000,0x00000085a0600000) (1024K)]
  0x0000020c1211a800 JavaThread "C1 CompilerThread1"         daemon [_thread_blocked, id=35944, stack(0x00000085a0600000,0x00000085a0700000) (1024K)]
  0x0000020c1218ef90 JavaThread "C1 CompilerThread2"         daemon [_thread_blocked, id=35928, stack(0x00000085a0700000,0x00000085a0800000) (1024K)]
  0x0000020c123fb3f0 JavaThread "C1 CompilerThread3"         daemon [_thread_blocked, id=11132, stack(0x00000085a0800000,0x00000085a0900000) (1024K)]
  0x0000020c123fdac0 JavaThread "C1 CompilerThread4"         daemon [_thread_blocked, id=25588, stack(0x00000085a0900000,0x00000085a0a00000) (1024K)]
  0x0000020c127dcad0 JavaThread "Monitor Ctrl-Break"         daemon [_thread_in_native, id=26964, stack(0x00000085a0b00000,0x00000085a0c00000) (1024K)]
  0x0000020c127dd550 JavaThread "Notification Thread"        daemon [_thread_blocked, id=36824, stack(0x00000085a0c00000,0x00000085a0d00000) (1024K)]
  0x0000020c12ac6ef0 JavaThread "RMI TCP Accept-0"           daemon [_thread_blocked, id=36652, stack(0x00000085a0a00000,0x00000085a0b00000) (1024K)]
  0x0000020c12ada7c0 JavaThread "RMI TCP Connection(1)-100.97.107.3" daemon [_thread_blocked, id=10928, stack(0x00000085a0d00000,0x00000085a0e00000) (1024K)]
  0x0000020c12b645c0 JavaThread "RMI Scheduler(0)"           daemon [_thread_blocked, id=36544, stack(0x00000085a0e00000,0x00000085a0f00000) (1024K)]
  0x0000020c12b51d20 JavaThread "JMX server connection timeout 34" daemon [_thread_blocked, id=36548, stack(0x00000085a0f00000,0x00000085a1000000) (1024K)]
  0x0000020c17b59ae0 JavaThread "C1 CompilerThread5"         daemon [_thread_blocked, id=2536, stack(0x00000085a1f00000,0x00000085a2000000) (1024K)]
  0x0000020c1761a110 JavaThread "C1 CompilerThread6"         daemon [_thread_blocked, id=34096, stack(0x00000085a2000000,0x00000085a2100000) (1024K)]
Total: 21

Other Threads:
  0x0000020bcdcc8aa0 VMThread "VM Thread"                           [id=36048, stack(0x000000859fd00000,0x000000859fe00000) (1024K)]
  0x0000020c12080090 WatcherThread "VM Periodic Task Thread"        [id=36036, stack(0x000000859fc00000,0x000000859fd00000) (1024K)]
  0x0000020bb30885d0 WorkerThread "GC Thread#0"                     [id=15528, stack(0x000000859f700000,0x000000859f800000) (1024K)]
  0x0000020bcdcca0c0 WorkerThread "GC Thread#1"                     [id=36856, stack(0x00000085a1000000,0x00000085a1100000) (1024K)]
  0x0000020c17302930 WorkerThread "GC Thread#2"                     [id=15984, stack(0x00000085a1100000,0x00000085a1200000) (1024K)]
  0x0000020c17301310 WorkerThread "GC Thread#3"                     [id=12700, stack(0x00000085a1200000,0x00000085a1300000) (1024K)]
  0x0000020c17303440 WorkerThread "GC Thread#4"                     [id=25472, stack(0x00000085a1300000,0x00000085a1400000) (1024K)]
  0x0000020c17303ba0 WorkerThread "GC Thread#5"                     [id=19556, stack(0x00000085a1400000,0x00000085a1500000) (1024K)]
  0x0000020c17303f50 WorkerThread "GC Thread#6"                     [id=36468, stack(0x00000085a1500000,0x00000085a1600000) (1024K)]
  0x0000020c17301e20 WorkerThread "GC Thread#7"                     [id=35456, stack(0x00000085a1600000,0x00000085a1700000) (1024K)]
  0x0000020c173021d0 WorkerThread "GC Thread#8"                     [id=28608, stack(0x00000085a1700000,0x00000085a1800000) (1024K)]
  0x0000020c17300f60 WorkerThread "GC Thread#9"                     [id=2844, stack(0x00000085a1800000,0x00000085a1900000) (1024K)]
=>0x0000020c17300450 WorkerThread "GC Thread#10"                    [id=30192, stack(0x00000085a1900000,0x00000085a1a00000) (1024K)]
  0x0000020c17302580 WorkerThread "GC Thread#11"                    [id=32984, stack(0x00000085a1a00000,0x00000085a1b00000) (1024K)]
  0x0000020c17303090 WorkerThread "GC Thread#12"                    [id=25840, stack(0x00000085a1b00000,0x00000085a1c00000) (1024K)]
  0x0000020c173016c0 WorkerThread "GC Thread#13"                    [id=14004, stack(0x00000085a1c00000,0x00000085a1d00000) (1024K)]
  0x0000020c17301a70 WorkerThread "GC Thread#14"                    [id=31432, stack(0x00000085a1d00000,0x00000085a1e00000) (1024K)]
  0x0000020bb30924e0 ConcurrentGCThread "G1 Main Marker"            [id=35012, stack(0x000000859f800000,0x000000859f900000) (1024K)]
  0x0000020bb3095c70 WorkerThread "G1 Conc#0"                       [id=15916, stack(0x000000859f900000,0x000000859fa00000) (1024K)]
  0x0000020c17635d20 WorkerThread "G1 Conc#1"                       [id=25768, stack(0x00000085a2100000,0x00000085a2200000) (1024K)]
  0x0000020c176390c0 WorkerThread "G1 Conc#2"                       [id=25408, stack(0x00000085a2200000,0x00000085a2300000) (1024K)]
  0x0000020c17638200 WorkerThread "G1 Conc#3"                       [id=27176, stack(0x00000085a2300000,0x00000085a2400000) (1024K)]
  0x0000020bcdbfe3f0 ConcurrentGCThread "G1 Refine#0"               [id=3288, stack(0x000000859fa00000,0x000000859fb00000) (1024K)]
  0x0000020bcdbfec20 ConcurrentGCThread "G1 Service"                [id=19184, stack(0x000000859fb00000,0x000000859fc00000) (1024K)]
Total: 24

Threads with active compile tasks:
C1 CompilerThread5  2193 4821       1       java.util.regex.Pattern::sequence (647 bytes)
Total: 1

VM state: at safepoint (normal execution)

VM Mutex/Monitor currently owned by a thread:  ([mutex/lock_event])
[0x00007ffedebbcb80] Threads_lock - owner thread: 0x0000020bcdcc8aa0
[0x00007ffedebbcc80] Heap_lock - owner thread: 0x0000020c17b59ae0

Heap address: 0x0000000504800000, size: 12216 MB, Compressed Oops mode: Zero based, Oop shift amount: 3

CDS archive(s) mapped at: [0x0000020bd1000000-0x0000020bd1c60000-0x0000020bd1c60000), size 12976128, SharedBaseAddress: 0x0000020bd1000000, ArchiveRelocationMode: 1.
Compressed class space mapped at: 0x0000020bd2000000-0x0000020c12000000, reserved size: 1073741824
Narrow klass base: 0x0000020bd1000000, Narrow klass shift: 0, Narrow klass range: 0x41000000

GC Precious Log:
 CardTable entry size: 512
 Card Set container configuration: InlinePtr #cards 4 size 8 Array Of Cards #cards 64 size 144 Howl #buckets 8 coarsen threshold 14745 Howl Bitmap #cards 2048 size 272 coarsen threshold 1843 Card regions per heap region 1 cards per card region 16384
 CPUs: 20 total, 20 available
 Memory: 48839M
 Large Page Support: Disabled
 NUMA Support: Disabled
 Compressed Oops: Enabled (Zero based)
 Heap Region Size: 8M
 Heap Min Capacity: 8M
 Heap Initial Capacity: 768M
 Heap Max Capacity: 12216M
 Pre-touch: Disabled
 Parallel Workers: 15
 Concurrent Workers: 4
 Concurrent Refinement Workers: 15
 Periodic GC: Disabled

Heap:
 garbage-first heap   total reserved 12509184K, committed 90112K, used 61481K [0x0000000504800000, 0x0000000800000000)
  region size 8192K, 6 young (49152K), 1 survivors (8192K)
 Metaspace       used 36269K, committed 36992K, reserved 1114112K
  class space    used 5153K, committed 5440K, reserved 1048576K

Heap Regions: E=young(eden), S=young(survivor), O=old, HS=humongous(starts), HC=humongous(continues), CS=collection set, F=free, TAMS=top-at-mark-start, PB=parsable bottom
|   0|0x0000000504800000, 0x0000000504fec080, 0x0000000505000000| 99%| O|  |TAMS 0x0000000504800000| PB 0x0000000504800000| Untracked |  0
|   1|0x0000000505000000, 0x0000000505516710, 0x0000000505800000| 63%| O|CS|TAMS 0x0000000505000000| PB 0x0000000505000000| Complete |  0
|   2|0x0000000505800000, 0x0000000505f6cb00, 0x0000000506000000| 92%| O|  |TAMS 0x0000000505800000| PB 0x0000000505800000| Untracked |  0
|   3|0x0000000506000000, 0x0000000506000000, 0x0000000506800000|  0%| F|  |TAMS 0x0000000506000000| PB 0x0000000506000000| Untracked |  0
|   4|0x0000000506800000, 0x0000000506e85090, 0x0000000507000000| 81%| S|  |TAMS 0x0000000506800000| PB 0x0000000506800000| Complete |  0
|   5|0x0000000507000000, 0x0000000507800000, 0x0000000507800000|100%| E|CS|TAMS 0x0000000507000000| PB 0x0000000507000000| Complete |  0
|   6|0x0000000507800000, 0x0000000508000000, 0x0000000508000000|100%| E|CS|TAMS 0x0000000507800000| PB 0x0000000507800000| Complete |  0
|   7|0x0000000508000000, 0x0000000508800000, 0x0000000508800000|100%| E|CS|TAMS 0x0000000508000000| PB 0x0000000508000000| Complete |  0
|   8|0x0000000508800000, 0x0000000508f07d80, 0x0000000509000000| 87%| E|CS|TAMS 0x0000000508800000| PB 0x0000000508800000| Complete |  0
|  94|0x0000000533800000, 0x0000000534000000, 0x0000000534000000|100%| E|CS|TAMS 0x0000000533800000| PB 0x0000000533800000| Complete |  0
|  95|0x0000000534000000, 0x0000000534800000, 0x0000000534800000|100%| E|CS|TAMS 0x0000000534000000| PB 0x0000000534000000| Complete |  0

Card table byte_map: [0x0000020bc0390000,0x0000020bc1b70000] _byte_map_base: 0x0000020bbdb6c000

Marking Bits: (CMBitMap*) 0x0000020bb3088af0
 Bits: [0x0000020bc1b70000, 0x0000020bcda50000)

Polling page: 0x0000020bb0f00000

Metaspace:

Usage:
  Non-class:     30.39 MB used.
      Class:      5.03 MB used.
       Both:     35.42 MB used.

Virtual space:
  Non-class space:       64.00 MB reserved,      30.81 MB ( 48%) committed,  1 nodes.
      Class space:        1.00 GB reserved,       5.31 MB ( <1%) committed,  1 nodes.
             Both:        1.06 GB reserved,      36.12 MB (  3%) committed. 

Chunk freelists:
   Non-Class:  1.11 MB
       Class:  10.64 MB
        Both:  11.75 MB

MaxMetaspaceSize: unlimited
CompressedClassSpaceSize: 1.00 GB
Initial GC threshold: 21.00 MB
Current GC threshold: 40.12 MB
CDS: on
 - commit_granule_bytes: 65536.
 - commit_granule_words: 8192.
 - virtual_space_node_default_size: 8388608.
 - enlarge_chunks_in_place: 1.
 - use_allocation_guard: 0.


Internal statistics:

num_allocs_failed_limit: 3.
num_arena_births: 844.
num_arena_deaths: 0.
num_vsnodes_births: 2.
num_vsnodes_deaths: 0.
num_space_committed: 578.
num_space_uncommitted: 0.
num_chunks_returned_to_freelist: 3.
num_chunks_taken_from_freelist: 2161.
num_chunk_merges: 3.
num_chunk_splits: 1467.
num_chunks_enlarged: 1039.
num_inconsistent_stats: 0.

CodeCache: size=49152Kb used=12240Kb max_used=12240Kb free=36911Kb
 bounds [0x0000020bbb330000, 0x0000020bbbf30000, 0x0000020bbe330000]
 total_blobs=5368 nmethods=4781 adapters=504
 compilation: enabled
              stopped_count=0, restarted_count=0
 full_count=0

Compilation events (20 events):
Event: 2.054 Thread 0x0000020c17b59ae0 nmethod 4812 0x0000020bbbf21510 code [0x0000020bbbf216c0, 0x0000020bbbf21840]
Event: 2.055 Thread 0x0000020c17b59ae0 4813   !   1       org.glassfish.hk2.utilities.DescriptorImpl::getRanking (31 bytes)
Event: 2.055 Thread 0x0000020c17b59ae0 nmethod 4813 0x0000020bbbf21910 code [0x0000020bbbf21b00, 0x0000020bbbf21e38]
Event: 2.055 Thread 0x0000020c123fb3f0 4814       1       org.glassfish.jersey.internal.inject.Binding::getScope (5 bytes)
Event: 2.055 Thread 0x0000020c123fb3f0 nmethod 4814 0x0000020bbbf22110 code [0x0000020bbbf222a0, 0x0000020bbbf22370]
Event: 2.056 Thread 0x0000020c1218ef90 4815       1       java.util.regex.Pattern$CharProperty::<init> (10 bytes)
Event: 2.056 Thread 0x0000020c1218ef90 nmethod 4815 0x0000020bbbf22410 code [0x0000020bbbf225a0, 0x0000020bbbf22728]
Event: 2.056 Thread 0x0000020c1211a800 4816       1       org.glassfish.jersey.uri.internal.CharacterIterator::next (34 bytes)
Event: 2.057 Thread 0x0000020c1761a110 4817       1       java.lang.Character::valueOf (21 bytes)
Event: 2.057 Thread 0x0000020c123fdac0 4819       1       java.lang.Character::hashCode (2 bytes)
Event: 2.057 Thread 0x0000020c17b59ae0 4818       1       java.lang.Character::hashCode (8 bytes)
Event: 2.057 Thread 0x0000020c123fdac0 nmethod 4819 0x0000020bbbf22790 code [0x0000020bbbf22920, 0x0000020bbbf229c8]
Event: 2.057 Thread 0x0000020c1211a800 nmethod 4816 0x0000020bbbf22a90 code [0x0000020bbbf22c40, 0x0000020bbbf22ef0]
Event: 2.057 Thread 0x0000020c17b59ae0 nmethod 4818 0x0000020bbbf23110 code [0x0000020bbbf232a0, 0x0000020bbbf23368]
Event: 2.057 Thread 0x0000020c1761a110 nmethod 4817 0x0000020bbbf23410 code [0x0000020bbbf235a0, 0x0000020bbbf23708]
Event: 2.058 Thread 0x0000020bcdd1bfd0 4820       1       java.util.regex.Pattern::newCharProperty (39 bytes)
Event: 2.059 Thread 0x0000020bcdd1bfd0 nmethod 4820 0x0000020bbbf23810 code [0x0000020bbbf239e0, 0x0000020bbbf23e40]
Event: 2.059 Thread 0x0000020c17b59ae0 4821       1       java.util.regex.Pattern::sequence (647 bytes)
Event: 2.059 Thread 0x0000020c1211a800 4822       1       java.util.regex.Pattern$TreeInfo::reset (21 bytes)
Event: 2.059 Thread 0x0000020c1211a800 nmethod 4822 0x0000020bbbf23f10 code [0x0000020bbbf240a0, 0x0000020bbbf24180]

GC Heap History (17 events):
Event: 0.440 GC heap before
{Heap before GC invocations=0 (full 0):
 garbage-first heap   total reserved 12509184K, committed 786432K, used 24576K [0x0000000504800000, 0x0000000800000000)
  region size 8192K, 4 young (32768K), 0 survivors (0K)
 Metaspace       used 7572K, committed 7872K, reserved 1114112K
  class space    used 962K, committed 1088K, reserved 1048576K
}
Event: 0.444 GC heap after
{Heap after GC invocations=1 (full 0):
 garbage-first heap   total reserved 12509184K, committed 786432K, used 8276K [0x0000000504800000, 0x0000000800000000)
  region size 8192K, 1 young (8192K), 1 survivors (8192K)
 Metaspace       used 7572K, committed 7872K, reserved 1114112K
  class space    used 962K, committed 1088K, reserved 1048576K
}
Event: 0.705 GC heap before
{Heap before GC invocations=1 (full 0):
 garbage-first heap   total reserved 12509184K, committed 786432K, used 32852K [0x0000000504800000, 0x0000000800000000)
  region size 8192K, 4 young (32768K), 1 survivors (8192K)
 Metaspace       used 12996K, committed 13376K, reserved 1114112K
  class space    used 1766K, committed 1984K, reserved 1048576K
}
Event: 0.709 GC heap after
{Heap after GC invocations=2 (full 0):
 garbage-first heap   total reserved 12509184K, committed 786432K, used 10240K [0x0000000504800000, 0x0000000800000000)
  region size 8192K, 1 young (8192K), 1 survivors (8192K)
 Metaspace       used 12996K, committed 13376K, reserved 1114112K
  class space    used 1766K, committed 1984K, reserved 1048576K
}
Event: 0.738 GC heap before
{Heap before GC invocations=2 (full 0):
 garbage-first heap   total reserved 12509184K, committed 786432K, used 10240K [0x0000000504800000, 0x0000000800000000)
  region size 8192K, 2 young (16384K), 1 survivors (8192K)
 Metaspace       used 14166K, committed 14592K, reserved 1114112K
  class space    used 1907K, committed 2112K, reserved 1048576K
}
Event: 0.739 GC heap after
{Heap after GC invocations=3 (full 0):
 garbage-first heap   total reserved 12509184K, committed 786432K, used 10382K [0x0000000504800000, 0x0000000800000000)
  region size 8192K, 1 young (8192K), 1 survivors (8192K)
 Metaspace       used 14166K, committed 14592K, reserved 1114112K
  class space    used 1907K, committed 2112K, reserved 1048576K
}
Event: 0.969 GC heap before
{Heap before GC invocations=4 (full 0):
 garbage-first heap   total reserved 12509184K, committed 57344K, used 51342K [0x0000000504800000, 0x0000000800000000)
  region size 8192K, 6 young (49152K), 1 survivors (8192K)
 Metaspace       used 20615K, committed 21056K, reserved 1114112K
  class space    used 2752K, committed 2944K, reserved 1048576K
}
Event: 0.972 GC heap after
{Heap after GC invocations=5 (full 0):
 garbage-first heap   total reserved 12509184K, committed 65536K, used 14357K [0x0000000504800000, 0x0000000800000000)
  region size 8192K, 1 young (8192K), 1 survivors (8192K)
 Metaspace       used 20615K, committed 21056K, reserved 1114112K
  class space    used 2752K, committed 2944K, reserved 1048576K
}
Event: 1.089 GC heap before
{Heap before GC invocations=5 (full 0):
 garbage-first heap   total reserved 12509184K, committed 65536K, used 38933K [0x0000000504800000, 0x0000000800000000)
  region size 8192K, 4 young (32768K), 1 survivors (8192K)
 Metaspace       used 21183K, committed 21568K, reserved 1114112K
  class space    used 2843K, committed 3008K, reserved 1048576K
}
Event: 1.092 GC heap after
{Heap after GC invocations=6 (full 0):
 garbage-first heap   total reserved 12509184K, committed 65536K, used 16101K [0x0000000504800000, 0x0000000800000000)
  region size 8192K, 1 young (8192K), 1 survivors (8192K)
 Metaspace       used 21183K, committed 21568K, reserved 1114112K
  class space    used 2843K, committed 3008K, reserved 1048576K
}
Event: 1.299 GC heap before
{Heap before GC invocations=6 (full 0):
 garbage-first heap   total reserved 12509184K, committed 65536K, used 40677K [0x0000000504800000, 0x0000000800000000)
  region size 8192K, 4 young (32768K), 1 survivors (8192K)
 Metaspace       used 23570K, committed 23936K, reserved 1114112K
  class space    used 3229K, committed 3392K, reserved 1048576K
}
Event: 1.303 GC heap after
{Heap after GC invocations=7 (full 0):
 garbage-first heap   total reserved 12509184K, committed 65536K, used 17006K [0x0000000504800000, 0x0000000800000000)
  region size 8192K, 1 young (8192K), 1 survivors (8192K)
 Metaspace       used 23570K, committed 23936K, reserved 1114112K
  class space    used 3229K, committed 3392K, reserved 1048576K
}
Event: 1.336 GC heap before
{Heap before GC invocations=7 (full 0):
 garbage-first heap   total reserved 12509184K, committed 65536K, used 17006K [0x0000000504800000, 0x0000000800000000)
  region size 8192K, 2 young (16384K), 1 survivors (8192K)
 Metaspace       used 24127K, committed 24448K, reserved 1114112K
  class space    used 3310K, committed 3456K, reserved 1048576K
}
Event: 1.339 GC heap after
{Heap after GC invocations=8 (full 0):
 garbage-first heap   total reserved 12509184K, committed 425984K, used 17361K [0x0000000504800000, 0x0000000800000000)
  region size 8192K, 1 young (8192K), 1 survivors (8192K)
 Metaspace       used 24127K, committed 24448K, reserved 1114112K
  class space    used 3310K, committed 3456K, reserved 1048576K
}
Event: 1.761 GC heap before
{Heap before GC invocations=9 (full 0):
 garbage-first heap   total reserved 12509184K, committed 81920K, used 74705K [0x0000000504800000, 0x0000000800000000)
  region size 8192K, 8 young (65536K), 1 survivors (8192K)
 Metaspace       used 30314K, committed 30912K, reserved 1114112K
  class space    used 4236K, committed 4480K, reserved 1048576K
}
Event: 1.768 GC heap after
{Heap after GC invocations=10 (full 0):
 garbage-first heap   total reserved 12509184K, committed 90112K, used 20521K [0x0000000504800000, 0x0000000800000000)
  region size 8192K, 1 young (8192K), 1 survivors (8192K)
 Metaspace       used 30314K, committed 30912K, reserved 1114112K
  class space    used 4236K, committed 4480K, reserved 1048576K
}
Event: 2.059 GC heap before
{Heap before GC invocations=10 (full 0):
 garbage-first heap   total reserved 12509184K, committed 90112K, used 61481K [0x0000000504800000, 0x0000000800000000)
  region size 8192K, 6 young (49152K), 1 survivors (8192K)
 Metaspace       used 36269K, committed 36992K, reserved 1114112K
  class space    used 5153K, committed 5440K, reserved 1048576K
}

Dll operation events (12 events):
Event: 0.007 Loaded shared library C:\Users\Djibril\.jdks\openjdk-22.0.2\bin\java.dll
Event: 0.091 Loaded shared library C:\Users\Djibril\.jdks\openjdk-22.0.2\bin\zip.dll
Event: 0.093 Loaded shared library C:\Users\Djibril\.jdks\openjdk-22.0.2\bin\instrument.dll
Event: 0.096 Loaded shared library C:\Users\Djibril\.jdks\openjdk-22.0.2\bin\net.dll
Event: 0.097 Loaded shared library C:\Users\Djibril\.jdks\openjdk-22.0.2\bin\nio.dll
Event: 0.099 Loaded shared library C:\Users\Djibril\.jdks\openjdk-22.0.2\bin\zip.dll
Event: 0.151 Loaded shared library C:\Users\Djibril\.jdks\openjdk-22.0.2\bin\jimage.dll
Event: 0.169 Loaded shared library C:\Users\Djibril\.jdks\openjdk-22.0.2\bin\extnet.dll
Event: 0.174 Loaded shared library C:\Users\Djibril\.jdks\openjdk-22.0.2\bin\management.dll
Event: 0.180 Loaded shared library C:\Users\Djibril\.jdks\openjdk-22.0.2\bin\management_ext.dll
Event: 0.909 Loaded shared library C:\Users\Djibril\.jdks\openjdk-22.0.2\bin\sunmscapi.dll
Event: 1.639 Loaded shared library C:\Users\Djibril\.jdks\openjdk-22.0.2\bin\verify.dll

Deoptimization events (0 events):
No events

Classes loaded (20 events):
Event: 1.969 Loading class sun/reflect/generics/repository/FieldRepository
Event: 1.969 Loading class sun/reflect/generics/repository/FieldRepository done
Event: 1.971 Loading class java/lang/reflect/MalformedParameterizedTypeException
Event: 1.971 Loading class java/lang/reflect/MalformedParameterizedTypeException done
Event: 1.981 Loading class jdk/internal/ValueBased
Event: 1.981 Loading class jdk/internal/ValueBased done
Event: 1.993 Loading class org/xml/sax/Locator
Event: 1.993 Loading class org/xml/sax/Locator done
Event: 1.994 Loading class java/lang/InstantiationError
Event: 1.994 Loading class java/lang/InstantiationError done
Event: 2.000 Loading class java/lang/ExceptionInInitializerError
Event: 2.000 Loading class java/lang/ExceptionInInitializerError done
Event: 2.001 Loading class org/w3c/dom/Node
Event: 2.001 Loading class org/w3c/dom/Node done
Event: 2.001 Loading class javax/xml/parsers/DocumentBuilder
Event: 2.001 Loading class javax/xml/parsers/DocumentBuilder done
Event: 2.035 Loading class java/util/LinkedList$LLSpliterator
Event: 2.035 Loading class java/util/LinkedList$LLSpliterator done
Event: 2.038 Loading class java/util/concurrent/Flow$Subscriber
Event: 2.039 Loading class java/util/concurrent/Flow$Subscriber done

Classes unloaded (0 events):
No events

Classes redefined (0 events):
No events

Internal exceptions (20 events):
Event: 1.532 Thread 0x0000020bb3003750 Exception <a 'java/lang/NoSuchMethodError'{0x0000000507b800f0}: 'int java.lang.invoke.DirectMethodHandle$Holder.invokeVirtual(java.lang.Object, java.lang.Object, java.lang.Object, java.lang.Object)'> (0x0000000507b800f0) 
thrown [s\open\src\hotspot\share\interpreter\linkResolver.cpp, line 774]
Event: 1.532 Thread 0x0000020bb3003750 Exception <a 'java/lang/NoSuchMethodError'{0x0000000507b839b0}: 'int java.lang.invoke.DelegatingMethodHandle$Holder.reinvoke_L(java.lang.Object, java.lang.Object, java.lang.Object, java.lang.Object)'> (0x0000000507b839b0) 
thrown [s\open\src\hotspot\share\interpreter\linkResolver.cpp, line 774]
Event: 1.560 Thread 0x0000020bb3003750 Exception <a 'java/io/FileNotFoundException'{0x0000000507e0b4b0}> (0x0000000507e0b4b0) 
thrown [s\open\src\hotspot\share\prims\jni.cpp, line 520]
Event: 1.583 Thread 0x0000020bb3003750 Exception <a 'java/lang/NoSuchMethodError'{0x00000005071994a8}: 'int java.lang.invoke.DirectMethodHandle$Holder.invokeInterface(java.lang.Object, java.lang.Object, java.lang.Object, java.lang.Object)'> (0x00000005071994a8) 
thrown [s\open\src\hotspot\share\interpreter\linkResolver.cpp, line 774]
Event: 1.604 Thread 0x0000020bb3003750 Exception <a 'java/lang/NoSuchMethodError'{0x00000005073b3ab0}: 'java.lang.Object java.lang.invoke.DirectMethodHandle$Holder.invokeStaticInit(java.lang.Object, java.lang.Object, java.lang.Object, java.lang.Object)'> (0x00000005073b3ab0) 
thrown [s\open\src\hotspot\share\interpreter\linkResolver.cpp, line 774]
Event: 1.605 Thread 0x0000020bb3003750 Exception <a 'java/lang/IncompatibleClassChangeError'{0x00000005073c6f90}: Found class java.lang.Object, but interface was expected> (0x00000005073c6f90) 
thrown [s\open\src\hotspot\share\interpreter\linkResolver.cpp, line 841]
Event: 1.605 Thread 0x0000020bb3003750 Exception <a 'java/lang/IncompatibleClassChangeError'{0x00000005073d3d98}: Found class java.lang.Object, but interface was expected> (0x00000005073d3d98) 
thrown [s\open\src\hotspot\share\interpreter\linkResolver.cpp, line 841]
Event: 1.607 Thread 0x0000020bb3003750 Exception <a 'java/lang/IncompatibleClassChangeError'{0x00000005074ca298}: Found class java.lang.Object, but interface was expected> (0x00000005074ca298) 
thrown [s\open\src\hotspot\share\interpreter\linkResolver.cpp, line 841]
Event: 1.646 Thread 0x0000020bb3003750 Exception <a 'java/lang/NoSuchMethodError'{0x000000050688f090}: 'void java.lang.invoke.Invokers$Holder.invokeExact_MT(java.lang.Object, java.lang.Object, java.lang.Object, java.lang.Object)'> (0x000000050688f090) 
thrown [s\open\src\hotspot\share\interpreter\linkResolver.cpp, line 774]
Event: 1.665 Thread 0x0000020bb3003750 Exception <a 'java/lang/NoSuchMethodError'{0x00000005069bbfb8}: 'java.lang.Object java.lang.invoke.DirectMethodHandle$Holder.invokeStatic(java.lang.Object, java.lang.Object, int, java.lang.Object)'> (0x00000005069bbfb8) 
thrown [s\open\src\hotspot\share\interpreter\linkResolver.cpp, line 774]
Event: 1.666 Thread 0x0000020bb3003750 Exception <a 'java/lang/NoSuchMethodError'{0x00000005069c26b8}: 'java.lang.Object java.lang.invoke.DirectMethodHandle$Holder.newInvokeSpecial(java.lang.Object, java.lang.Object, int)'> (0x00000005069c26b8) 
thrown [s\open\src\hotspot\share\interpreter\linkResolver.cpp, line 774]
Event: 1.687 Thread 0x0000020bb3003750 Exception <a 'java/lang/NoSuchMethodError'{0x0000000506d69858}: 'void java.lang.invoke.DirectMethodHandle$Holder.invokeInterface(java.lang.Object, java.lang.Object, int, java.lang.Object)'> (0x0000000506d69858) 
thrown [s\open\src\hotspot\share\interpreter\linkResolver.cpp, line 774]
Event: 1.687 Thread 0x0000020bb3003750 Exception <a 'java/lang/NoSuchMethodError'{0x0000000506d6d4b8}: 'void java.lang.invoke.DelegatingMethodHandle$Holder.reinvoke_L(java.lang.Object, java.lang.Object, int, java.lang.Object)'> (0x0000000506d6d4b8) 
thrown [s\open\src\hotspot\share\interpreter\linkResolver.cpp, line 774]
Event: 1.688 Thread 0x0000020bb3003750 Exception <a 'java/lang/NoSuchMethodError'{0x0000000506d90ad8}: 'void java.lang.invoke.Invokers$Holder.invokeExact_MT(java.lang.Object, java.lang.Object, int, java.lang.Object)'> (0x0000000506d90ad8) 
thrown [s\open\src\hotspot\share\interpreter\linkResolver.cpp, line 774]
Event: 1.732 Thread 0x0000020bb3003750 Exception <a 'java/lang/NoSuchMethodError'{0x0000000505c21a00}: 'java.lang.Object java.lang.invoke.DirectMethodHandle$Holder.newInvokeSpecial(java.lang.Object, java.lang.Object, java.lang.Object, int, java.lang.Object, java.lang.Object)'> (0x0000000505c21a00) 
thrown [s\open\src\hotspot\share\interpreter\linkResolver.cpp, line 774]
Event: 1.835 Thread 0x0000020bb3003750 Exception <a 'java/lang/NoSuchMethodError'{0x0000000533bcd518}: 'java.lang.Object java.lang.invoke.DirectMethodHandle$Holder.invokeSpecial(java.lang.Object, java.lang.Object, java.lang.Object, long, int)'> (0x0000000533bcd518) 
thrown [s\open\src\hotspot\share\interpreter\linkResolver.cpp, line 774]
Event: 1.835 Thread 0x0000020bb3003750 Exception <a 'java/lang/NoSuchMethodError'{0x0000000533bd1070}: 'java.lang.Object java.lang.invoke.Invokers$Holder.linkToTargetMethod(java.lang.Object, long, int, java.lang.Object)'> (0x0000000533bd1070) 
thrown [s\open\src\hotspot\share\interpreter\linkResolver.cpp, line 774]
Event: 1.911 Thread 0x0000020bb3003750 Exception <a 'java/lang/NoSuchMethodError'{0x0000000508500c48}: 'java.lang.reflect.Constructor[] java.lang.Class.getDeclaredConstructors(java.lang.Class)'> (0x0000000508500c48) 
thrown [s\open\src\hotspot\share\interpreter\linkResolver.cpp, line 774]
Event: 2.008 Thread 0x0000020bb3003750 Exception <a 'java/lang/NoSuchMethodError'{0x000000050717a070}: 'java.lang.reflect.Method[] java.lang.Class.getDeclaredMethods(java.lang.Class)'> (0x000000050717a070) 
thrown [s\open\src\hotspot\share\interpreter\linkResolver.cpp, line 774]
Event: 2.053 Thread 0x0000020bb3003750 Exception <a 'java/lang/NoSuchMethodError'{0x0000000507718cf8}: 'int java.lang.invoke.DirectMethodHandle$Holder.invokeStatic(java.lang.Object, java.lang.Object, java.lang.Object, java.lang.Object, java.lang.Object)'> (0x0000000507718cf8) 
thrown [s\open\src\hotspot\share\interpreter\linkResolver.cpp, line 774]

ZGC Phase Switch (0 events):
No events

VM Operations (20 events):
Event: 1.548 Executing VM operation: HandshakeAllThreads (Deoptimize) done
Event: 1.555 Executing VM operation: HandshakeAllThreads (Deoptimize)
Event: 1.555 Executing VM operation: HandshakeAllThreads (Deoptimize) done
Event: 1.643 Executing VM operation: HandshakeAllThreads (Deoptimize)
Event: 1.643 Executing VM operation: HandshakeAllThreads (Deoptimize) done
Event: 1.680 Executing VM operation: HandshakeAllThreads (Deoptimize)
Event: 1.680 Executing VM operation: HandshakeAllThreads (Deoptimize) done
Event: 1.761 Executing VM operation: G1CollectForAllocation (G1 Evacuation Pause)
Event: 1.768 Executing VM operation: G1CollectForAllocation (G1 Evacuation Pause) done
Event: 1.792 Executing VM operation: HandshakeAllThreads (Deoptimize)
Event: 1.792 Executing VM operation: HandshakeAllThreads (Deoptimize) done
Event: 1.792 Executing VM operation: HandshakeAllThreads (Deoptimize)
Event: 1.792 Executing VM operation: HandshakeAllThreads (Deoptimize) done
Event: 1.809 Executing VM operation: HandshakeAllThreads (Deoptimize)
Event: 1.809 Executing VM operation: HandshakeAllThreads (Deoptimize) done
Event: 1.935 Executing VM operation: HandshakeAllThreads (Deoptimize)
Event: 1.935 Executing VM operation: HandshakeAllThreads (Deoptimize) done
Event: 1.951 Executing VM operation: HandshakeAllThreads (Deoptimize)
Event: 1.951 Executing VM operation: HandshakeAllThreads (Deoptimize) done
Event: 2.059 Executing VM operation: G1CollectForAllocation (G1 Evacuation Pause)

Memory protections (0 events):
No events

Nmethod flushes (20 events):
Event: 1.346 Thread 0x0000020bcdcc8aa0 flushing  nmethod 0x0000020bbb872590
Event: 1.346 Thread 0x0000020bcdcc8aa0 flushing  nmethod 0x0000020bbb872b90
Event: 1.346 Thread 0x0000020bcdcc8aa0 flushing  nmethod 0x0000020bbb8ef710
Event: 1.346 Thread 0x0000020bcdcc8aa0 flushing  nmethod 0x0000020bbb913290
Event: 1.346 Thread 0x0000020bcdcc8aa0 flushing  nmethod 0x0000020bbb955c90
Event: 1.346 Thread 0x0000020bcdcc8aa0 flushing  nmethod 0x0000020bbb592710
Event: 1.346 Thread 0x0000020bcdcc8aa0 flushing  nmethod 0x0000020bbb5c0510
Event: 1.346 Thread 0x0000020bcdcc8aa0 flushing  nmethod 0x0000020bbb5c1010
Event: 1.346 Thread 0x0000020bcdcc8aa0 flushing  nmethod 0x0000020bbb72a890
Event: 1.346 Thread 0x0000020bcdcc8aa0 flushing  nmethod 0x0000020bbb73a090
Event: 1.346 Thread 0x0000020bcdcc8aa0 flushing  nmethod 0x0000020bbb74a290
Event: 1.346 Thread 0x0000020bcdcc8aa0 flushing  nmethod 0x0000020bbb7a8610
Event: 1.346 Thread 0x0000020bcdcc8aa0 flushing  nmethod 0x0000020bbb7b7910
Event: 1.346 Thread 0x0000020bcdcc8aa0 flushing  nmethod 0x0000020bbb7b7c90
Event: 1.346 Thread 0x0000020bcdcc8aa0 flushing  nmethod 0x0000020bbb7c6d10
Event: 1.346 Thread 0x0000020bcdcc8aa0 flushing  nmethod 0x0000020bbb7c7590
Event: 1.346 Thread 0x0000020bcdcc8aa0 flushing  nmethod 0x0000020bbb804890
Event: 1.346 Thread 0x0000020bcdcc8aa0 flushing  nmethod 0x0000020bbb93aa10
Event: 1.346 Thread 0x0000020bcdcc8aa0 flushing  nmethod 0x0000020bbb93b310
Event: 1.346 Thread 0x0000020bcdcc8aa0 flushing  nmethod 0x0000020bbb9b3390

Events (20 events):
Event: 0.147 Thread 0x0000020c1211a800 Thread added: 0x0000020c123fb3f0
Event: 0.147 Thread 0x0000020c123fb3f0 Thread added: 0x0000020c123fdac0
Event: 0.163 Thread 0x0000020bb3003750 Thread added: 0x0000020c127dcad0
Event: 0.163 Thread 0x0000020bb3003750 Thread added: 0x0000020c127dd550
Event: 0.318 Thread 0x0000020bcdcf3090 Thread added: 0x0000020c12ac6ef0
Event: 0.327 Thread 0x0000020c12ac6ef0 Thread added: 0x0000020c12ada7c0
Event: 0.341 Thread 0x0000020c12ada7c0 Thread added: 0x0000020c12b645c0
Event: 0.347 Thread 0x0000020c12ada7c0 Thread added: 0x0000020c12b51d20
Event: 0.628 Thread 0x0000020bb3003750 Thread added: 0x0000020c17508430
Event: 0.629 Thread 0x0000020c17508430 Thread exited: 0x0000020c17508430
Event: 0.675 Thread 0x0000020bb3003750 Thread added: 0x0000020c172e6960
Event: 0.738 Thread 0x0000020c123fb3f0 Thread added: 0x0000020c17b59ae0
Event: 0.738 Thread 0x0000020bcdd1bfd0 Thread added: 0x0000020c1761a110
Event: 0.842 Thread 0x0000020bb3003750 Thread added: 0x0000020c17be4bd0
Event: 0.872 Thread 0x0000020c17be4bd0 Thread exited: 0x0000020c17be4bd0
Event: 0.911 Thread 0x0000020c172e6960 Thread exited: 0x0000020c172e6960
Event: 1.098 Thread 0x0000020c12ada7c0 Thread added: 0x0000020c17dff360
Event: 1.104 Thread 0x0000020c17dff360 Thread exited: 0x0000020c17dff360
Event: 1.605 Thread 0x0000020c12ada7c0 Thread added: 0x0000020c1931b470
Event: 1.609 Thread 0x0000020c1931b470 Thread exited: 0x0000020c1931b470


Dynamic libraries:
0x00007ff668100000 - 0x00007ff66810e000 	C:\Users\Djibril\.jdks\openjdk-22.0.2\bin\java.exe
0x00007ffff0080000 - 0x00007ffff02e7000 	C:\WINDOWS\SYSTEM32\ntdll.dll
0x00007fffee530000 - 0x00007fffee5fb000 	C:\WINDOWS\System32\KERNEL32.DLL
0x00007fffed280000 - 0x00007fffed682000 	C:\WINDOWS\System32\KERNELBASE.dll
0x00007fffedaf0000 - 0x00007fffedc3c000 	C:\WINDOWS\System32\ucrtbase.dll
0x00007fffa24a0000 - 0x00007fffa24bb000 	C:\Users\Djibril\.jdks\openjdk-22.0.2\bin\VCRUNTIME140.dll
0x00007fffa2480000 - 0x00007fffa2497000 	C:\Users\Djibril\.jdks\openjdk-22.0.2\bin\jli.dll
0x00007fffee690000 - 0x00007fffee85f000 	C:\WINDOWS\System32\USER32.dll
0x00007fffc1230000 - 0x00007fffc14c0000 	C:\WINDOWS\WinSxS\amd64_microsoft.windows.common-controls_6595b64144ccf1df_6.0.26100.9278_none_3e0d1ba8e3303201\COMCTL32.dll
0x00007fffeda00000 - 0x00007fffeda27000 	C:\WINDOWS\System32\win32u.dll
0x00007fffee900000 - 0x00007fffee9a9000 	C:\WINDOWS\System32\msvcrt.dll
0x00007fffee870000 - 0x00007fffee89b000 	C:\WINDOWS\System32\GDI32.dll
0x00007fffed8d0000 - 0x00007fffed9f9000 	C:\WINDOWS\System32\gdi32full.dll
0x00007fffed690000 - 0x00007fffed733000 	C:\WINDOWS\System32\msvcp_win.dll
0x00007fffedec0000 - 0x00007fffedef1000 	C:\WINDOWS\System32\IMM32.DLL
0x00007fffa3010000 - 0x00007fffa301c000 	C:\Users\Djibril\.jdks\openjdk-22.0.2\bin\vcruntime140_1.dll
0x00007fff99bc0000 - 0x00007fff99c4e000 	C:\Users\Djibril\.jdks\openjdk-22.0.2\bin\msvcp140.dll
0x00007ffeddf50000 - 0x00007ffedec99000 	C:\Users\Djibril\.jdks\openjdk-22.0.2\bin\server\jvm.dll
0x00007fffeebb0000 - 0x00007fffeec6c000 	C:\WINDOWS\System32\ADVAPI32.dll
0x00007fffefa20000 - 0x00007fffefac9000 	C:\WINDOWS\System32\sechost.dll
0x00007fffee9b0000 - 0x00007fffeeac8000 	C:\WINDOWS\System32\RPCRT4.dll
0x00007fffee600000 - 0x00007fffee680000 	C:\WINDOWS\System32\WS2_32.dll
0x00007fffed0e0000 - 0x00007fffed13e000 	C:\WINDOWS\SYSTEM32\POWRPROF.dll
0x00007fffe3480000 - 0x00007fffe348b000 	C:\WINDOWS\SYSTEM32\VERSION.dll
0x00007fffe7c40000 - 0x00007fffe7c76000 	C:\WINDOWS\SYSTEM32\WINMM.dll
0x00007fffed0c0000 - 0x00007fffed0d5000 	C:\WINDOWS\SYSTEM32\UMPDC.dll
0x00007fffebf10000 - 0x00007fffebf2b000 	C:\WINDOWS\SYSTEM32\kernel.appcore.dll
0x00007fffa2470000 - 0x00007fffa247a000 	C:\Users\Djibril\.jdks\openjdk-22.0.2\bin\jimage.dll
0x00007fffc1a60000 - 0x00007fffc1cac000 	C:\WINDOWS\SYSTEM32\DBGHELP.DLL
0x00007fffefcb0000 - 0x00007ffff0035000 	C:\WINDOWS\System32\combase.dll
0x00007fffeead0000 - 0x00007fffeeba9000 	C:\WINDOWS\System32\OLEAUT32.dll
0x00007fffb48b0000 - 0x00007fffb48eb000 	C:\WINDOWS\SYSTEM32\dbgcore.DLL
0x00007fffeda30000 - 0x00007fffedadc000 	C:\WINDOWS\System32\bcryptPrimitives.dll
0x00007fffa07f0000 - 0x00007fffa07ff000 	C:\Users\Djibril\.jdks\openjdk-22.0.2\bin\instrument.dll
0x00007fffa0ef0000 - 0x00007fffa0f0e000 	C:\Users\Djibril\.jdks\openjdk-22.0.2\bin\java.dll
0x00007fffef200000 - 0x00007fffef998000 	C:\WINDOWS\System32\SHELL32.dll
0x00007fffedf00000 - 0x00007fffee09a000 	C:\WINDOWS\System32\ole32.dll
0x00007fffeacc0000 - 0x00007fffeb56e000 	C:\WINDOWS\SYSTEM32\windows.storage.dll
0x00007fffeee70000 - 0x00007fffeef6b000 	C:\WINDOWS\System32\SHCORE.dll
0x00007fffef9b0000 - 0x00007fffefa16000 	C:\WINDOWS\System32\shlwapi.dll
0x00007fffed1a0000 - 0x00007fffed1c9000 	C:\WINDOWS\SYSTEM32\profapi.dll
0x00007fff99ba0000 - 0x00007fff99bb7000 	C:\Users\Djibril\.jdks\openjdk-22.0.2\bin\zip.dll
0x00007fffa1ae0000 - 0x00007fffa1af0000 	C:\Users\Djibril\.jdks\openjdk-22.0.2\bin\net.dll
0x00007fffec4b0000 - 0x00007fffec51c000 	C:\WINDOWS\system32\mswsock.dll
0x00007fffa0ed0000 - 0x00007fffa0ee6000 	C:\Users\Djibril\.jdks\openjdk-22.0.2\bin\nio.dll
0x00007fffeb900000 - 0x00007fffeba58000 	C:\WINDOWS\SYSTEM32\DNSAPI.dll
0x00007fffec2d0000 - 0x00007fffec2dd000 	C:\WINDOWS\SYSTEM32\DSPARSE.dll
0x00007fffeb8c0000 - 0x00007fffeb8f3000 	C:\WINDOWS\SYSTEM32\IPHLPAPI.DLL
0x00007fffef9a0000 - 0x00007fffef9aa000 	C:\WINDOWS\System32\NSI.dll
0x00007fff999f0000 - 0x00007fff999f9000 	C:\Users\Djibril\.jdks\openjdk-22.0.2\bin\extnet.dll
0x00007fffe59f0000 - 0x00007fffe59fb000 	C:\Windows\System32\rasadhlp.dll
0x00007fffe72f0000 - 0x00007fffe7376000 	C:\WINDOWS\System32\fwpuclnt.dll
0x00007fffbf660000 - 0x00007fffbf66a000 	C:\Users\Djibril\.jdks\openjdk-22.0.2\bin\management.dll
0x00007fffa9650000 - 0x00007fffa965b000 	C:\Users\Djibril\.jdks\openjdk-22.0.2\bin\management_ext.dll
0x00007fffede50000 - 0x00007fffede58000 	C:\WINDOWS\System32\PSAPI.DLL
0x00007fffec8d0000 - 0x00007fffec8eb000 	C:\WINDOWS\SYSTEM32\CRYPTSP.dll
0x00007fffebe70000 - 0x00007fffebea9000 	C:\WINDOWS\system32\rsaenh.dll
0x00007fffec560000 - 0x00007fffec594000 	C:\WINDOWS\SYSTEM32\USERENV.dll
0x00007fffed170000 - 0x00007fffed19a000 	C:\WINDOWS\SYSTEM32\bcrypt.dll
0x00007fffec710000 - 0x00007fffec71c000 	C:\WINDOWS\SYSTEM32\CRYPTBASE.dll
0x00007fffb1530000 - 0x00007fffb1548000 	C:\WINDOWS\system32\napinsp.dll
0x00007fffb1550000 - 0x00007fffb1563000 	C:\WINDOWS\System32\winrnr.dll
0x00007fffb1570000 - 0x00007fffb1597000 	C:\WINDOWS\system32\nlansp_c.dll
0x00007fffb15a0000 - 0x00007fffb15b6000 	C:\WINDOWS\system32\wshbth.dll
0x00007fffdc940000 - 0x00007fffdc998000 	C:\WINDOWS\SYSTEM32\pdh.dll
0x00007fffb5480000 - 0x00007fffb5492000 	C:\WINDOWS\System32\perfproc.dll
0x00007fffdb930000 - 0x00007fffdb93e000 	C:\Users\Djibril\.jdks\openjdk-22.0.2\bin\sunmscapi.dll
0x00007fffed740000 - 0x00007fffed8be000 	C:\WINDOWS\System32\CRYPT32.dll
0x00007fffeca40000 - 0x00007fffeca70000 	C:\WINDOWS\SYSTEM32\ncrypt.dll
0x00007fffec9f0000 - 0x00007fffeca2f000 	C:\WINDOWS\SYSTEM32\NTASN1.dll
0x00007fffb5460000 - 0x00007fffb5471000 	C:\WINDOWS\System32\perfos.dll
0x00007fffea320000 - 0x00007fffea332000 	C:\WINDOWS\SYSTEM32\pfclient.dll
0x00007fff8aba0000 - 0x00007fff8abb0000 	C:\Users\Djibril\.jdks\openjdk-22.0.2\bin\verify.dll

dbghelp: loaded successfully - version: 4.0.5 - missing functions: none
symbol engine: initialized successfully - sym options: 0x614 - pdb path: .;C:\Users\Djibril\.jdks\openjdk-22.0.2\bin;C:\WINDOWS\SYSTEM32;C:\WINDOWS\WinSxS\amd64_microsoft.windows.common-controls_6595b64144ccf1df_6.0.26100.9278_none_3e0d1ba8e3303201;C:\Users\Djibril\.jdks\openjdk-22.0.2\bin\server

VM Arguments:
jvm_args: -XX:TieredStopAtLevel=1 -Dspring.output.ansi.enabled=always -Dcom.sun.management.jmxremote -Dspring.jmx.enabled=true -Dspring.liveBeansView.mbeanDomain -Dspring.application.admin.enabled=true -Dmanagement.endpoints.jmx.exposure.include=* -javaagent:C:\Program Files\JetBrains\IntelliJ IDEA 2025.1.4.1\lib\idea_rt.jar=4002 -Dfile.encoding=UTF-8 -Dsun.stdout.encoding=UTF-8 -Dsun.stderr.encoding=UTF-8 
java_command: com.example.demo_eureka.DemoEurekaApplication
java_class_path (initial): C:\Users\Djibril\Desktop\perso\demo_eureka\target\classes;C:\Users\Djibril\.m2\repository\org\springframework\boot\spring-boot-starter\3.3.4\spring-boot-starter-3.3.4.jar;C:\Users\Djibril\.m2\repository\org\springframework\boot\spring-boot\3.3.4\spring-boot-3.3.4.jar;C:\Users\Djibril\.m2\repository\org\springframework\spring-context\6.1.13\spring-context-6.1.13.jar;C:\Users\Djibril\.m2\repository\org\springframework\spring-aop\6.1.13\spring-aop-6.1.13.jar;C:\Users\Djibril\.m2\repository\org\springframework\spring-beans\6.1.13\spring-beans-6.1.13.jar;C:\Users\Djibril\.m2\repository\org\springframework\spring-expression\6.1.13\spring-expression-6.1.13.jar;C:\Users\Djibril\.m2\repository\org\springframework\boot\spring-boot-autoconfigure\3.3.4\spring-boot-autoconfigure-3.3.4.jar;C:\Users\Djibril\.m2\repository\org\springframework\boot\spring-boot-starter-logging\3.3.4\spring-boot-starter-logging-3.3.4.jar;C:\Users\Djibril\.m2\repository\ch\qos\logback\logback-classic\1.5.8\logback-classic-1.5.8.jar;C:\Users\Djibril\.m2\repository\ch\qos\logback\logback-core\1.5.8\logback-core-1.5.8.jar;C:\Users\Djibril\.m2\repository\org\apache\logging\log4j\log4j-to-slf4j\2.23.1\log4j-to-slf4j-2.23.1.jar;C:\Users\Djibril\.m2\repository\org\apache\logging\log4j\log4j-api\2.23.1\log4j-api-2.23.1.jar;C:\Users\Djibril\.m2\repository\org\slf4j\jul-to-slf4j\2.0.16\jul-to-slf4j-2.0.16.jar;C:\Users\Djibril\.m2\repository\jakarta\annotation\jakarta.annotation-api\2.1.1\jakarta.annotation-api-2.1.1.jar;C:\Users\Djibril\.m2\repository\org\yaml\snakeyaml\2.2\snakeyaml-2.2.jar;C:\Users\Djibril\.m2\repository\org\slf4j\slf4j-api\2.0.16\slf4j-api-2.0.16.jar;C:\Users\Djibril\.m2\repository\jakarta\xml\bind\jakarta.xml.bind-api\4.0.2\jakarta.xml.bind-api-4.0.2.jar;C:\Users\Djibril\.m2\repository\jakarta\activation\jakarta.activation-api\2.1.3\jakarta.activation-api-2.1.3.jar;C:\Users\Djibril\.m2\repository\org\springframework\spring-core\6.1.13\spring-core-6.1.13.jar;C:\Users\Djibril\.m2\repository\org\springframework\spring-jcl\6.1.13\spring-jcl-6.1.13.jar;C:\Users\Djibril\.m2\repository\org\springframework\cloud\spring-cloud-starter-netflix-eureka-server\4.1.2\spring-cloud-starter-netflix-eureka-server-4.1.2.jar;C:\Users\Djibril\.m2\repository\org\springframework\cloud\spring-cloud-starter\4.1.3\spring-cloud-starter-4.1.3.jar;C:\Users\Djibril\.m2\repository\org\springframework\cloud\spring-cloud-context\4.1.3\spring-cloud-context-4.1.3.jar;C:\Users\Djibril\.m2\repository\org\springframework\security\spring-security-crypto\6.3.3\spring-security-crypto-6.3.3.jar;C:\Users\Djibril\.m2\repository\org\springframework\cloud\spring-cloud-commons\4.1.3\spring-cloud-commons-4.1.3.jar;C:\Users\Djibril\.m2\repository\org\springframework\security\spring-security-rsa\1.1.3\spring-security-rsa-1.1.3.jar;C:\Users\Djibril\.m2\repository\org\bouncycastle\bcprov-jdk18on\1.78\bcprov-jdk18on-1.78.jar;C:\Users\Djibril\.m2\repository\org\springframework\cloud\spring-cloud-netflix-eureka-server\4.1.2\spring-cloud-netflix-eureka-server-4.1.2.jar;C:\Users\Djibril\.m2\repository\org\springframework\boot\spring-boot-starter-web\3.3.4\spring-boot-starter-web-3.3.4.jar;C:\Users\Djibril\.m2\repository\org\springframework\boot\spring-boot-starter-json\3.3.4\spring-boot-starter-json-3.3.4.jar;C:\Users\Djibril\.m2\repository\com\fasterxml\jackson\datatype\jackson-datatype-jdk8\2.17.2\jackson-datatype-jdk8-2.17.2.jar;C:\Users\Djibril\.m2\repository\com\fasterxml\jackson\datatype\jackson-datatype-jsr310\2.17.2\jackson-datatype-jsr310-2.17.2.jar;C:\Users\Djibril\.m2\repository\com\fasterxml\jackson\module\jackson-module-parameter-names\2.17.2\jackson-module-parameter-names-2.17.2.jar;C:\Users\Djibril\.m2\repository\org\springframework\boot\spring-boot-starter-tomcat\3.3.4\spring-boot-starter-tomcat-3.3.4.jar;C:\Users\Djibril\.m2\repository\org\apache\tomcat\embed\tomcat-embed-core\10.1.30\tomcat-embed-core-10.1.30.jar;C:\Users\Djibril\.m2\repository\org\apache\tomcat\embed\tomcat-embed-el\10.1.30\tomcat-embed-el-10.1.30.jar;C:\Users\Djibril\.m2\repository\org\apache\tomcat\embed\tomcat-embed-websocket\10.1.30\tomcat-embed-websocket-10.1.30.jar;C:\Users\Djibril\.m2\repository\org\springframework\spring-web\6.1.13\spring-web-6.1.13.jar;C:\Users\Djibril\.m2\repository\org\springframework\spring-webmvc\6.1.13\spring-webmvc-6.1.13.jar;C:\Users\Djibril\.m2\repository\org\springframework\boot\spring-boot-starter-actuator\3.3.4\spring-boot-starter-actuator-3.3.4.jar;C:\Users\Djibril\.m2\repository\org\springframework\boot\spring-boot-actuator-autoconfigure\3.3.4\spring-boot-actuator-autoconfigure-3.3.4.jar;C:\Users\Djibril\.m2\repository\org\springframework\boot\spring-boot-actuator\3.3.4\spring-boot-actuator-3.3.4.jar;C:\Users\Djibril\.m2\repository\io\micrometer\micrometer-observation\1.13.4\micrometer-observation-1.13.4.jar;C:\Users\Djibril\.m2\repository\io\micrometer\micrometer-commons\1.13.4\micrometer-commons-1.13.4.jar;C:\Users\Djibril\.m2\repository\io\micrometer\micrometer-jakarta9\1.13.4\micrometer-jakarta9-1.13.4.jar;C:\Users\Djibril\.m2\repository\io\micrometer\micrometer-core\1.13.4\micrometer-core-1.13.4.jar;C:\Users\Djibril\.m2\repository\org\hdrhistogram\HdrHistogram\2.2.2\HdrHistogram-2.2.2.jar;C:\Users\Djibril\.m2\repository\org\latencyutils\LatencyUtils\2.0.3\LatencyUtils-2.0.3.jar;C:\Users\Djibril\.m2\repository\org\springframework\boot\spring-boot-starter-freemarker\3.3.4\spring-boot-starter-freemarker-3.3.4.jar;C:\Users\Djibril\.m2\repository\org\freemarker\freemarker\2.3.33\freemarker-2.3.33.jar;C:\Users\Djibril\.m2\repository\org\springframework\spring-context-support\6.1.13\spring-context-support-6.1.13.jar;C:\Users\Djibril\.m2\repository\org\springframework\cloud\spring-cloud-netflix-eureka-client\4.1.2\spring-cloud-netflix-eureka-client-4.1.2.jar;C:\Users\Djibril\.m2\repository\com\netflix\eureka\eureka-client\2.0.2\eureka-client-2.0.2.jar;C:\Users\Djibril\.m2\repository\com\netflix\netflix-commons\netflix-eventbus\0.3.0\netflix-eventbus-0.3.0.jar;C:\Users\Djibril\.m2\repository\com\netflix\netflix-commons\netflix-infix\0.3.0\netflix-infix-0.3.0.jar;C:\Users\Djibril\.m2\repository\commons-jxpath\commons-jxpath\1.3\commons-jxpath-1.3.jar;C:\Users\Djibril\.m2\repository\joda-time\joda-time\2.3\joda-time-2.3.jar;C:\Users\Djibril\.m2\repository\org\antlr\antlr-runtime\3.4\antlr-runtime-3.4.jar;C:\Users\Djibril\.m2\repository\org\antlr\stringtemplate\3.2.1\stringtemplate-3.2.1.jar;C:\Users\Djibril\.m2\repository\antlr\antlr\2.7.7\antlr-2.7.7.jar;C:\Users\Djibril\.m2\repository\com\google\code\gson\gson\2.10.1\gson-2.10.1.jar;C:\Users\Djibril\.m2\repository\org\apache\commons\commons-math\2.2\commons-math-2.2.jar;C:\Users\Djibril\.m2\repository\com\thoughtworks\xstream\xstream\1.4.19\xstream-1.4.19.jar;C:\Users\Djibril\.m2\repository\io\github\x-stream\mxparser\1.2.2\mxparser-1.2.2.jar;C:\Users\Djibril\.m2\repository\xmlpull\xmlpull\1.1.3.1\xmlpull-1.1.3.1.jar;C:\Users\Djibril\.m2\repository\com\netflix\servo\servo-core\0.12.21\servo-core-0.12.21.jar;C:\Users\Djibril\.m2\repository\com\google\guava\guava\19.0\guava-19.0.jar;C:\Users\Djibril\.m2\repository\org\apache\httpcomponents\httpclient\4.5.3\httpclient-4.5.3.jar;C:\Users\Djibril\.m2\repository\org\apache\httpcomponents\httpcore\4.4.16\httpcore-4.4.16.jar;C:\Users\Djibril\.m2\repository\commons-configuration\commons-configuration\1.10\commons-configuration-1.10.jar;C:\Users\Djibril\.m2\repository\commons-lang\commons-lang\2.6\commons-lang-2.6.jar;C:\Users\Djibril\.m2\repository\org\codehaus\jettison\jettison\1.5.4\jettison-1.5.4.jar;C:\Users\Djibril\.m2\repository\org\apache\httpcomponents\client5\httpclient5\5.3.1\httpclient5-5.3.1.jar;C:\Users\Djibril\.m2\repository\org\apache\httpcomponents\core5\httpcore5\5.2.5\httpcore5-5.2.5.jar;C:\Users\Djibril\.m2\repository\org\apache\httpcomponents\core5\httpcore5-h2\5.2.5\httpcore5-h2-5.2.5.jar;C:\Users\Djibril\.m2\repository\com\netflix\eureka\eureka-client-jersey3\2.0.2\eureka-client-jersey3-2.0.2.jar;C:\Users\Djibril\.m2\repository\org\glassfish\jersey\connectors\jersey-apache-connector\3.1.8\jersey-apache-connector-3.1.8.jar;C:\Users\Djibril\.m2\repository\commons-codec\commons-codec\1.16.1\commons-codec-1.16.1.jar;C:\Users\Djibril\.m2\repository\commons-logging\commons-logging\1.3.1\commons-logging-1.3.1.jar;C:\Users\Djibril\.m2\repository\com\netflix\eureka\eureka-core-jersey3\2.0.2\eureka-core-jersey3-2.0.2.jar;C:\Users\Djibril\.m2\repository\com\netflix\eureka\eureka-core\2.0.2\eureka-core-2.0.2.jar;C:\Users\Djibril\.m2\repository\org\glassfish\jersey\containers\jersey-container-servlet\3.1.8\jersey-container-servlet-3.1.8.jar;C:\Users\Djibril\.m2\repository\org\glassfish\jersey\containers\jersey-container-servlet-core\3.1.8\jersey-container-servlet-core-3.1.8.jar;C:\Users\Djibril\.m2\repository\org\glassfish\jersey\core\jersey-common\3.1.8\jersey-common-3.1.8.jar;C:\Users\Djibril\.m2\repository\org\glassfish\hk2\osgi-resource-locator\1.0.3\osgi-resource-locator-1.0.3.jar;C:\Users\Djibril\.m2\repository\jakarta\ws\rs\jakarta.ws.rs-api\3.1.0\jakarta.ws.rs-api-3.1.0.jar;C:\Users\Djibril\.m2\repository\org\glassfish\jersey\core\jersey-server\3.1.8\jersey-server-3.1.8.jar;C:\Users\Djibril\.m2\repository\jakarta\inject\jakarta.inject-api\2.0.1\jakarta.inject-api-2.0.1.jar;C:\Users\Djibril\.m2\repository\jakarta\validation\jakarta.validation-api\3.0.2\jakarta.validation-api-3.0.2.jar;C:\Users\Djibril\.m2\repository\org\glassfish\jersey\core\jersey-client\3.1.8\jersey-client-3.1.8.jar;C:\Users\Djibril\.m2\repository\org\glassfish\jersey\inject\jersey-hk2\3.1.8\jersey-hk2-3.1.8.jar;C:\Users\Djibril\.m2\repository\org\glassfish\hk2\hk2-locator\3.0.6\hk2-locator-3.0.6.jar;C:\Users\Djibril\.m2\repository\org\glassfish\hk2\external\aopalliance-repackaged\3.0.6\aopalliance-repackaged-3.0.6.jar;C:\Users\Djibril\.m2\repository\org\glassfish\hk2\hk2-utils\3.0.6\hk2-utils-3.0.6.jar;C:\Users\Djibril\.m2\repository\org\javassist\javassist\3.30.2-GA\javassist-3.30.2-GA.jar;C:\Users\Djibril\.m2\repository\org\glassfish\hk2\spring-bridge\3.1.0\spring-bridge-3.1.0.jar;C:\Users\Djibril\.m2\repository\org\glassfish\hk2\hk2-api\3.1.0\hk2-api-3.1.0.jar;C:\Users\Djibril\.m2\repository\com\fasterxml\jackson\dataformat\jackson-dataformat-xml\2.17.2\jackson-dataformat-xml-2.17.2.jar;C:\Users\Djibril\.m2\repository\com\fasterxml\jackson\core\jackson-core\2.17.2\jackson-core-2.17.2.jar;C:\Users\Djibril\.m2\repository\com\fasterxml\jackson\core\jackson-annotations\2.17.2\jackson-annotations-2.17.2.jar;C:\Users\Djibril\.m2\repository\com\fasterxml\jackson\core\jackson-databind\2.17.2\jackson-databind-2.17.2.jar;C:\Users\Djibril\.m2\repository\org\codehaus\woodstox\stax2-api\4.2.2\stax2-api-4.2.2.jar;C:\Users\Djibril\.m2\repository\com\fasterxml\woodstox\woodstox-core\6.7.0\woodstox-core-6.7.0.jar;C:\Users\Djibril\.m2\repository\org\springframework\cloud\spring-cloud-starter-loadbalancer\4.1.3\spring-cloud-starter-loadbalancer-4.1.3.jar;C:\Users\Djibril\.m2\repository\org\springframework\cloud\spring-cloud-loadbalancer\4.1.3\spring-cloud-loadbalancer-4.1.3.jar;C:\Users\Djibril\.m2\repository\io\projectreactor\reactor-core\3.6.10\reactor-core-3.6.10.jar;C:\Users\Djibril\.m2\repository\org\reactivestreams\reactive-streams\1.0.4\reactive-streams-1.0.4.jar;C:\Users\Djibril\.m2\repository\io\projectreactor\addons\reactor-extra\3.5.2\reactor-extra-3.5.2.jar;C:\Users\Djibril\.m2\repository\org\springframework\boot\spring-boot-starter-cache\3.3.4\spring-boot-starter-cache-3.3.4.jar;C:\Users\Djibril\.m2\repository\com\stoyanr\evictor\1.0.0\evictor-1.0.0.jar;C:\Users\Djibril\.m2\repository\org\glassfish\jaxb\jaxb-runtime\4.0.5\jaxb-runtime-4.0.5.jar;C:\Users\Djibril\.m2\repository\org\glassfish\jaxb\jaxb-core\4.0.5\jaxb-core-4.0.5.jar;C:\Users\Djibril\.m2\repository\org\eclipse\angus\angus-activation\2.0.2\angus-activation-2.0.2.jar;C:\Users\Djibril\.m2\repository\org\glassfish\jaxb\txw2\4.0.5\txw2-4.0.5.jar;C:\Users\Djibril\.m2\repository\com\sun\istack\istack-commons-runtime\4.1.2\istack-commons-runtime-4.1.2.jar
Launcher Type: SUN_STANDARD

[Global flags]
     intx CICompilerCount                          = 12                                        {product} {ergonomic}
     uint ConcGCThreads                            = 4                                         {product} {ergonomic}
     uint G1ConcRefinementThreads                  = 15                                        {product} {ergonomic}
   size_t G1HeapRegionSize                         = 8388608                                   {product} {ergonomic}
   size_t InitialHeapSize                          = 805306368                                 {product} {ergonomic}
     bool ManagementServer                         = true                                      {product} {command line}
   size_t MarkStackSize                            = 4194304                                   {product} {ergonomic}
   size_t MaxHeapSize                              = 12809404416                               {product} {ergonomic}
   size_t MaxNewSize                               = 7683964928                                {product} {ergonomic}
   size_t MinHeapDeltaBytes                        = 8388608                                   {product} {ergonomic}
   size_t MinHeapSize                              = 8388608                                   {product} {ergonomic}
    uintx NonNMethodCodeHeapSize                   = 4096                                   {pd product} {ergonomic}
    uintx NonProfiledCodeHeapSize                  = 0                                      {pd product} {ergonomic}
     bool ProfileInterpreter                       = false                                  {pd product} {command line}
    uintx ProfiledCodeHeapSize                     = 0                                      {pd product} {ergonomic}
   size_t SoftMaxHeapSize                          = 12809404416                            {manageable} {ergonomic}
     intx TieredStopAtLevel                        = 1                                         {product} {command line}
     bool UseCompressedOops                        = true                           {product lp64_product} {ergonomic}
     bool UseG1GC                                  = true                                      {product} {ergonomic}
     bool UseLargePagesIndividualAllocation        = false                                  {pd product} {ergonomic}

Logging:
Log output configuration:
 #0: stdout all=warning uptime,level,tags foldmultilines=false
 #1: stderr all=off uptime,level,tags foldmultilines=false

Environment Variables:
JAVA_HOME=C:\java\jdk-17.0.11
PATH=C:\Program Files (x86)\VMware\VMware Workstation\bin\;C:\Program Files\Common Files\Oracle\Java\javapath;C:\Program Files (x86)\Common Files\Oracle\Java\javapath;C:\WINDOWS\system32;C:\WINDOWS;C:\WINDOWS\System32\Wbem;C:\WINDOWS\System32\WindowsPowerShell\v1.0\;C:\WINDOWS\System32\OpenSSH\;C:\Program Files\Git\cmd;C:\ProgramData\ComposerSetup\bin;C:\Program Files\nodejs\;C:\Program Files\dotnet\;C:\Program Files\Tailscale\;C:\Users\Djibril\AppData\Local\Microsoft\WindowsApps;C:\software\flutter\bin;C:\Users\Djibril\AppData\Local\Programs\Git\cmd;C:\maven\apache-maven-3.9.9\bin;C:\maven\apache-maven-3.9.9\bin;C:\java\jdk-17.0.11\bin;C:\ngrok;C:\Program Files\JetBrains\IntelliJ IDEA 2025.1.4.1\bin;;C:\php;C:\Users\Djibril\AppData\Local\Programs\Microsoft VS Code\bin;C:\Users\Djibril\AppData\Roaming\Composer\vendor\bin;C:\Users\Djibril\AppData\Roaming\npm;C:\Users\Djibril\AppData\Local\Kingsoft\WPS Office\12.1.0.27458\clitool;C:\Users\Djibril\AppData\Local\Programs\DockerDesktop\resources\bin
USERNAME=Djibril
OS=Windows_NT
PROCESSOR_IDENTIFIER=Intel64 Family 6 Model 151 Stepping 2, GenuineIntel
TMP=C:\Users\Djibril\AppData\Local\Temp
TEMP=C:\Users\Djibril\AppData\Local\Temp




Periodic native trim disabled

---------------  S Y S T E M  ---------------

OS:
 Windows 11 , 64 bit Build 26100 (10.0.26100.9444)
OS uptime: 0 days 0:50 hours
Hyper-V role detected

CPU: total 20 (initial active 20) (10 cores per cpu, 2 threads per core) family 6 model 151 stepping 2 microcode 0x3a, cx8, cmov, fxsr, ht, mmx, 3dnowpref, sse, sse2, sse3, ssse3, sse4.1, sse4.2, popcnt, lzcnt, tsc, tscinvbit, avx, avx2, aes, erms, clmul, bmi1, bmi2, adx, sha, fma, vzeroupper, clflush, clflushopt, clwb, hv, serialize, rdtscp, rdpid, fsrm, f16c, cet_ibt, cet_ss
Processor Information for processor 0
  Max Mhz: 2100, Current Mhz: 2100, Mhz Limit: 2100
Processor Information for processor 1
  Max Mhz: 2100, Current Mhz: 2100, Mhz Limit: 2100
Processor Information for processor 2
  Max Mhz: 2100, Current Mhz: 2100, Mhz Limit: 2100
Processor Information for processor 3
  Max Mhz: 2100, Current Mhz: 2100, Mhz Limit: 2100
Processor Information for processor 4
  Max Mhz: 2100, Current Mhz: 2100, Mhz Limit: 2100
Processor Information for processor 5
  Max Mhz: 2100, Current Mhz: 2100, Mhz Limit: 2100
Processor Information for processor 6
  Max Mhz: 2100, Current Mhz: 2100, Mhz Limit: 2100
Processor Information for processor 7
  Max Mhz: 2100, Current Mhz: 2100, Mhz Limit: 2100
Processor Information for processor 8
  Max Mhz: 2100, Current Mhz: 2100, Mhz Limit: 2100
Processor Information for processor 9
  Max Mhz: 2100, Current Mhz: 2100, Mhz Limit: 2100
Processor Information for processor 10
  Max Mhz: 2100, Current Mhz: 2100, Mhz Limit: 2100
Processor Information for processor 11
  Max Mhz: 2100, Current Mhz: 2100, Mhz Limit: 2100
Processor Information for processor 12
  Max Mhz: 2100, Current Mhz: 2100, Mhz Limit: 2100
Processor Information for processor 13
  Max Mhz: 2100, Current Mhz: 2100, Mhz Limit: 2100
Processor Information for processor 14
  Max Mhz: 2100, Current Mhz: 2100, Mhz Limit: 2100
Processor Information for processor 15
  Max Mhz: 2100, Current Mhz: 2100, Mhz Limit: 2100
Processor Information for processor 16
  Max Mhz: 2100, Current Mhz: 1600, Mhz Limit: 1596
Processor Information for processor 17
  Max Mhz: 2100, Current Mhz: 1600, Mhz Limit: 1596
Processor Information for processor 18
  Max Mhz: 2100, Current Mhz: 1600, Mhz Limit: 1596
Processor Information for processor 19
  Max Mhz: 2100, Current Mhz: 1600, Mhz Limit: 1596

Memory: 4k page, system-wide physical 48839M (23662M free)
TotalPageFile size 52039M (AvailPageFile size 21909M)
current process WorkingSet (physical memory assigned to process): 211M, peak: 211M
current process commit charge ("private bytes"): 274M, peak: 922M

vm_info: OpenJDK 64-Bit Server VM (22.0.2+9-70) for windows-amd64 JRE (22.0.2+9-70), built on 2024-06-04T16:52:23Z by "mach5one" with MS VC++ 17.6 (VS2022)

END.
